[180 ms] - Job ID: 1 - Free - Evento: CREADO
[181 ms] - Job ID: 1 - Free - Evento: EN_COLA
[181 ms] - Job ID: 2 - Premium - Evento: CREADO
[182 ms] - Job ID: 2 - Premium - Evento: EN_COLA
[182 ms] - Job ID: 3 - Premium - Evento: CREADO
[182 ms] - Job ID: 3 - Premium - Evento: EN_COLA
[182 ms] - Job ID: 2 - Premium - Evento: ASIGNADO_VRAM
[295 ms] - Job ID: 4 - Free - Evento: CREADO
[295 ms] - Job ID: 4 - Free - Evento: EN_COLA
[295 ms] - Job ID: 5 - Premium - Evento: CREADO
[295 ms] - Job ID: 5 - Premium - Evento: EN_COLA
[296 ms] - Job ID: 6 - Premium - Evento: CREADO
[296 ms] - Job ID: 6 - Premium - Evento: EN_COLA
[404 ms] - Job ID: 7 - Free - Evento: CREADO
[404 ms] - Job ID: 7 - Free - Evento: EN_COLA
[405 ms] - Job ID: 8 - Premium - Evento: CREADO
[405 ms] - Job ID: 8 - Premium - Evento: EN_COLA
[405 ms] - Job ID: 9 - Premium - Evento: CREADO
[405 ms] - Job ID: 9 - Premium - Evento: EN_COLA
[511 ms] - Job ID: 10 - Free - Evento: CREADO
[511 ms] - Job ID: 10 - Free - Evento: EN_COLA
[511 ms] - Job ID: 11 - Premium - Evento: CREADO
[511 ms] - Job ID: 11 - Premium - Evento: EN_COLA
[511 ms] - Job ID: 12 - Premium - Evento: CREADO
[512 ms] - Job ID: 12 - Premium - Evento: EN_COLA
[619 ms] - Job ID: 13 - Free - Evento: CREADO
[619 ms] - Job ID: 13 - Free - Evento: EN_COLA
[620 ms] - Job ID: 14 - Premium - Evento: CREADO
[620 ms] - Job ID: 14 - Premium - Evento: EN_COLA
[620 ms] - Job ID: 15 - Premium - Evento: CREADO
[620 ms] - Job ID: 15 - Premium - Evento: EN_COLA
[634 ms] - Job ID: 3 - Premium - Evento: ASIGNADO_VRAM
[727 ms] - Job ID: 16 - Free - Evento: CREADO
[727 ms] - Job ID: 16 - Free - Evento: EN_COLA
[727 ms] - Job ID: 17 - Premium - Evento: CREADO
[728 ms] - Job ID: 17 - Premium - Evento: EN_COLA
[728 ms] - Job ID: 18 - Premium - Evento: CREADO
[728 ms] - Job ID: 18 - Premium - Evento: EN_COLA
[789 ms] - Job ID: 2 - Premium - Evento: FINALIZADO
[835 ms] - Job ID: 19 - Free - Evento: CREADO
[835 ms] - Job ID: 19 - Free - Evento: EN_COLA
[835 ms] - Job ID: 20 - Premium - Evento: CREADO
[835 ms] - Job ID: 20 - Premium - Evento: EN_COLA
[835 ms] - Job ID: 21 - Premium - Evento: CREADO
[836 ms] - Job ID: 21 - Premium - Evento: EN_COLA
[941 ms] - Job ID: 22 - Free - Evento: CREADO
[942 ms] - Job ID: 22 - Free - Evento: EN_COLA
[942 ms] - Job ID: 23 - Premium - Evento: CREADO
[942 ms] - Job ID: 23 - Premium - Evento: EN_COLA
[942 ms] - Job ID: 24 - Premium - Evento: CREADO
[942 ms] - Job ID: 24 - Premium - Evento: EN_COLA
[1050 ms] - Job ID: 25 - Free - Evento: CREADO
[1050 ms] - Job ID: 25 - Free - Evento: EN_COLA
[1050 ms] - Job ID: 26 - Premium - Evento: CREADO
[1051 ms] - Job ID: 26 - Premium - Evento: EN_COLA
[1051 ms] - Job ID: 27 - Premium - Evento: CREADO
[1051 ms] - Job ID: 27 - Premium - Evento: EN_COLA
[1095 ms] - Job ID: 5 - Premium - Evento: ASIGNADO_VRAM
[1157 ms] - Job ID: 28 - Free - Evento: CREADO
[1157 ms] - Job ID: 28 - Free - Evento: EN_COLA
[1157 ms] - Job ID: 29 - Premium - Evento: CREADO
[1157 ms] - Job ID: 29 - Premium - Evento: EN_COLA
[1157 ms] - Job ID: 30 - Premium - Evento: CREADO
[1157 ms] - Job ID: 30 - Premium - Evento: EN_COLA
[1250 ms] - Job ID: 3 - Premium - Evento: FINALIZADO
[1559 ms] - Job ID: 6 - Premium - Evento: ASIGNADO_VRAM
[1700 ms] - Job ID: 5 - Premium - Evento: FINALIZADO
[2022 ms] - Job ID: 8 - Premium - Evento: ASIGNADO_VRAM
[2161 ms] - Job ID: 6 - Premium - Evento: FINALIZADO
[2484 ms] - Job ID: 9 - Premium - Evento: ASIGNADO_VRAM
[2623 ms] - Job ID: 8 - Premium - Evento: FINALIZADO
[2946 ms] - Job ID: 11 - Premium - Evento: ASIGNADO_VRAM
[3097 ms] - Job ID: 9 - Premium - Evento: FINALIZADO
[3403 ms] - Job ID: 12 - Premium - Evento: ASIGNADO_VRAM
[3559 ms] - Job ID: 11 - Premium - Evento: FINALIZADO
[3866 ms] - Job ID: 14 - Premium - Evento: ASIGNADO_VRAM
[4005 ms] - Job ID: 12 - Premium - Evento: FINALIZADO
[4332 ms] - Job ID: 15 - Premium - Evento: ASIGNADO_VRAM
[4471 ms] - Job ID: 14 - Premium - Evento: FINALIZADO
[4795 ms] - Job ID: 17 - Premium - Evento: ASIGNADO_VRAM
[4933 ms] - Job ID: 15 - Premium - Evento: FINALIZADO
[5260 ms] - Job ID: 18 - Premium - Evento: ASIGNADO_VRAM
[5400 ms] - Job ID: 17 - Premium - Evento: FINALIZADO
[5724 ms] - Job ID: 20 - Premium - Evento: ASIGNADO_VRAM
[5861 ms] - Job ID: 18 - Premium - Evento: FINALIZADO
[6187 ms] - Job ID: 21 - Premium - Evento: ASIGNADO_VRAM
[6340 ms] - Job ID: 20 - Premium - Evento: FINALIZADO
[6648 ms] - Job ID: 23 - Premium - Evento: ASIGNADO_VRAM
[6787 ms] - Job ID: 21 - Premium - Evento: FINALIZADO
[7100 ms] - Job ID: 24 - Premium - Evento: ASIGNADO_VRAM
[7252 ms] - Job ID: 23 - Premium - Evento: FINALIZADO
[7560 ms] - Job ID: 26 - Premium - Evento: ASIGNADO_VRAM
[7715 ms] - Job ID: 24 - Premium - Evento: FINALIZADO
[8023 ms] - Job ID: 27 - Premium - Evento: ASIGNADO_VRAM
[8162 ms] - Job ID: 26 - Premium - Evento: FINALIZADO
[8486 ms] - Job ID: 29 - Premium - Evento: ASIGNADO_VRAM
[8625 ms] - Job ID: 27 - Premium - Evento: FINALIZADO
[8947 ms] - Job ID: 30 - Premium - Evento: ASIGNADO_VRAM
[9086 ms] - Job ID: 29 - Premium - Evento: FINALIZADO
[9411 ms] - Job ID: 1 - Free - Evento: ASIGNADO_VRAM
[9550 ms] - Job ID: 30 - Premium - Evento: FINALIZADO
[9874 ms] - Job ID: 4 - Free - Evento: ASIGNADO_VRAM
[10015 ms] - Job ID: 1 - Free - Evento: FINALIZADO
[10327 ms] - Job ID: 7 - Free - Evento: ASIGNADO_VRAM
[10483 ms] - Job ID: 4 - Free - Evento: FINALIZADO
[10792 ms] - Job ID: 10 - Free - Evento: ASIGNADO_VRAM
[10931 ms] - Job ID: 7 - Free - Evento: FINALIZADO
[11256 ms] - Job ID: 13 - Free - Evento: ASIGNADO_VRAM
[11396 ms] - Job ID: 10 - Free - Evento: FINALIZADO
[11721 ms] - Job ID: 16 - Free - Evento: ASIGNADO_VRAM
[11860 ms] - Job ID: 13 - Free - Evento: FINALIZADO
[12186 ms] - Job ID: 19 - Free - Evento: ASIGNADO_VRAM
[12325 ms] - Job ID: 16 - Free - Evento: FINALIZADO
[12652 ms] - Job ID: 22 - Free - Evento: ASIGNADO_VRAM
[12791 ms] - Job ID: 19 - Free - Evento: FINALIZADO
[13115 ms] - Job ID: 25 - Free - Evento: ASIGNADO_VRAM
[13254 ms] - Job ID: 22 - Free - Evento: FINALIZADO
[13577 ms] - Job ID: 28 - Free - Evento: ASIGNADO_VRAM
[13719 ms] - Job ID: 25 - Free - Evento: FINALIZADO
[14187 ms] - Job ID: 28 - Free - Evento: FINALIZADO
